******************************************************************************
                  TI ARM Linker PC v18.12.5                    
******************************************************************************
>> Linked Thu Jul 13 13:24:54 2023

OUTPUT FILE NAME:   <simple_peripheral_cc2640r2lp_app.out>
ENTRY POINT SYMBOL: "ResetISR"  address: 0000f71d


MEMORY CONFIGURATION

         name            origin    length      used     unused   attr    fill
----------------------  --------  ---------  --------  --------  ----  --------
  FLASH                 00000000   0001f000  00015d4e  000092b2  R  X
  FLASH_LAST_PAGE       0001f000   00001000  00000058  00000fa8  R  X
  SRAM                  20000000   00004400  0000315d  000012a3  RW X


SEGMENT ALLOCATION MAP

run origin  load origin   length   init length attrs members
----------  ----------- ---------- ----------- ----- -------
00000000    00000000    00014d54   00014d54    r-x
  00000000    00000000    0000003c   0000003c    r-- .resetVecs
  0000003c    0000003c    00000fc4   00000fc4    r-x .text.1
  00001000    00001000    00000028   00000028    r-- .const:ti_sysbios_heaps_HeapMem_Module__FXNS__C
  00001028    00001028    00000024   00000024    r-- .const:ti_sysbios_gates_GateHwi_Module__FXNS__C
  0000104c    0000104c    00000024   00000024    r-- .const:ti_sysbios_gates_GateMutex_Module__FXNS__C
  00001070    00001070    00000020   00000020    r-- .const:ti_sysbios_family_arm_m3_Hwi_Object__DESC__C
  00001090    00001090    00000020   00000020    r-- .const:ti_sysbios_gates_GateHwi_Object__DESC__C
  000010b0    000010b0    00000020   00000020    r-- .const:ti_sysbios_gates_GateMutex_Object__DESC__C
  000010d0    000010d0    00000020   00000020    r-- .const:ti_sysbios_hal_Hwi_Object__DESC__C
  000010f0    000010f0    00000020   00000020    r-- .const:ti_sysbios_heaps_HeapMem_Object__DESC__C
  00001110    00001110    00000020   00000020    r-- .const:ti_sysbios_knl_Clock_Object__DESC__C
  00001130    00001130    00000020   00000020    r-- .const:ti_sysbios_knl_Event_Object__DESC__C
  00001150    00001150    00000020   00000020    r-- .const:ti_sysbios_knl_Mailbox_Object__DESC__C
  00001170    00001170    00000020   00000020    r-- .const:ti_sysbios_knl_Queue_Object__DESC__C
  00001190    00001190    00000020   00000020    r-- .const:ti_sysbios_knl_Semaphore_Object__DESC__C
  000011b0    000011b0    00000020   00000020    r-- .const:ti_sysbios_knl_Swi_Object__DESC__C
  000011d0    000011d0    00000020   00000020    r-- .const:ti_sysbios_knl_Task_Object__DESC__C
  000011f0    000011f0    00000008   00000008    r-- .const:ti_sysbios_knl_Idle_funcList__C
  000011f8    000011f8    00000004   00000004    r-- .const:ti_sysbios_family_arm_cc26xx_Timer_startupNeeded__C
  000011fc    000011fc    00000004   00000004    r-- .const:ti_sysbios_family_arm_m3_Hwi_E_alreadyDefined__C
  00001200    00001200    00000004   00000004    r-- .const:ti_sysbios_family_arm_m3_Hwi_E_hwiLimitExceeded__C
  00001204    00001204    00000004   00000004    r-- .const:ti_sysbios_family_arm_m3_Hwi_NUM_INTERRUPTS__C
  00001208    00001208    00000004   00000004    r-- .const:ti_sysbios_family_arm_m3_Hwi_Object__count__C
  0000120c    0000120c    00000004   00000004    r-- .const:ti_sysbios_family_arm_m3_Hwi_Object__table__C
  00001210    00001210    00000004   00000004    r-- .const:ti_sysbios_family_arm_m3_Hwi_ccr__C
  00001214    00001214    00000004   00000004    r-- .const:ti_sysbios_family_arm_m3_Hwi_excHandlerFunc__C
  00001218    00001218    00000004   00000004    r-- .const:ti_sysbios_family_arm_m3_Hwi_nullIsrFunc__C
  0000121c    0000121c    00000004   00000004    r-- .const:ti_sysbios_family_arm_m3_Hwi_numSparseInterrupts__C
  00001220    00001220    00000004   00000004    r-- .const:ti_sysbios_family_arm_m3_Hwi_priGroup__C
  00001224    00001224    00000004   00000004    r-- .const:ti_sysbios_family_arm_m3_TaskSupport_stackAlignment__C
  00001228    00001228    00000004   00000004    r-- .const:ti_sysbios_heaps_HeapMem_E_memory__C
  0000122c    0000122c    00000004   00000004    r-- .const:ti_sysbios_heaps_HeapMem_Module__gateObj__C
  00001230    00001230    00000004   00000004    r-- .const:ti_sysbios_heaps_HeapMem_Object__count__C
  00001234    00001234    00000004   00000004    r-- .const:ti_sysbios_heaps_HeapMem_Object__table__C
  00001238    00001238    00000004   00000004    r-- .const:ti_sysbios_heaps_HeapMem_reqAlign__C
  0000123c    0000123c    00000004   00000004    r-- .const:ti_sysbios_knl_Clock_triggerClock__C
  00001240    00001240    00000004   00000004    r-- .const:ti_sysbios_knl_Mailbox_Object__count__C
  00001244    00001244    00000004   00000004    r-- .const:ti_sysbios_knl_Mailbox_Object__table__C
  00001248    00001248    00000004   00000004    r-- .const:ti_sysbios_knl_Mailbox_maxTypeAlign__C
  0000124c    0000124c    00000004   00000004    r-- .const:ti_sysbios_knl_Queue_Object__count__C
  00001250    00001250    00000004   00000004    r-- .const:ti_sysbios_knl_Queue_Object__table__C
  00001254    00001254    00000004   00000004    r-- .const:ti_sysbios_knl_Semaphore_eventPost__C
  00001258    00001258    00000004   00000004    r-- .const:ti_sysbios_knl_Semaphore_eventSync__C
  0000125c    0000125c    00000004   00000004    r-- .const:ti_sysbios_knl_Swi_Object__count__C
  00001260    00001260    00000004   00000004    r-- .const:ti_sysbios_knl_Swi_Object__table__C
  00001264    00001264    00000004   00000004    r-- .const:ti_sysbios_knl_Swi_numPriorities__C
  00001268    00001268    00000004   00000004    r-- .const:ti_sysbios_knl_Task_Object__count__C
  0000126c    0000126c    00000004   00000004    r-- .const:ti_sysbios_knl_Task_Object__table__C
  00001270    00001270    00000004   00000004    r-- .const:ti_sysbios_knl_Task_allBlockedFunc__C
  00001274    00001274    00000004   00000004    r-- .const:ti_sysbios_knl_Task_defaultStackHeap__C
  00001278    00001278    00000004   00000004    r-- .const:ti_sysbios_knl_Task_defaultStackSize__C
  0000127c    0000127c    00000004   00000004    r-- .const:ti_sysbios_knl_Task_numConstructedTasks__C
  00001280    00001280    00000002   00000002    r-- .const:ti_sysbios_family_arm_cc26xx_Timer_Module__id__C
  00001282    00001282    00000002   00000002    r-- .const:ti_sysbios_family_arm_cc26xx_TimestampProvider_useClockTimer__C
  00001284    00001284    00000002   00000002    r-- .const:ti_sysbios_family_arm_m3_Hwi_Module__id__C
  00001286    00001286    00000002   00000002    r-- .const:ti_sysbios_gates_GateHwi_Module__id__C
  00001288    00001288    00000002   00000002    r-- .const:ti_sysbios_gates_GateMutex_Module__id__C
  0000128a    0000128a    00000002   00000002    r-- .const:ti_sysbios_heaps_HeapMem_Module__id__C
  0000128c    0000128c    00000002   00000002    r-- .const:ti_sysbios_knl_Task_initStackFlag__C
  0000128e    0000128e    00000001   00000001    r-- .const:ti_sysbios_knl_Clock_tickMode__C
  00001290    00001290    00000008   00000008    r-- .const:xdc_runtime_Startup_firstFxns__C
  00001298    00001298    00000008   00000008    r-- .const:xdc_runtime_Startup_lastFxns__C
  000012a0    000012a0    00000004   00000004    r-- .const:xdc_runtime_Assert_E_assertFailed__C
  000012a4    000012a4    00000004   00000004    r-- .const:xdc_runtime_Error_E_memory__C
  000012a8    000012a8    00000004   00000004    r-- .const:xdc_runtime_Error_policyFxn__C
  000012ac    000012ac    00000004   00000004    r-- .const:xdc_runtime_Error_raiseHook__C
  000012b0    000012b0    00000004   00000004    r-- .const:xdc_runtime_IGateProvider_Interface__BASE__C
  000012b4    000012b4    00000004   00000004    r-- .const:xdc_runtime_IHeap_Interface__BASE__C
  000012b8    000012b8    00000004   00000004    r-- .const:xdc_runtime_IModule_Interface__BASE__C
  000012bc    000012bc    00000004   00000004    r-- .const:xdc_runtime_Memory_defaultHeapInstance__C
  000012c0    000012c0    00000004   00000004    r-- .const:xdc_runtime_Startup_execImpl__C
  000012c4    000012c4    00000004   00000004    r-- .const:xdc_runtime_Startup_maxPasses__C
  000012c8    000012c8    00000004   00000004    r-- .const:xdc_runtime_Startup_sfxnRts__C
  000012cc    000012cc    00000004   00000004    r-- .const:xdc_runtime_Startup_sfxnTab__C
  000012d0    000012d0    00000004   00000004    r-- .const:xdc_runtime_Startup_startModsFxn__C
  000012d4    000012d4    00000004   00000004    r-- .const:xdc_runtime_SysCallback_abortFxn__C
  000012d8    000012d8    00000004   00000004    r-- .const:xdc_runtime_SysCallback_exitFxn__C
  000012dc    000012dc    00000004   00000004    r-- .const:xdc_runtime_System_abortFxn__C
  000012e0    000012e0    00000004   00000004    r-- .const:xdc_runtime_System_exitFxn__C
  000012e4    000012e4    00000004   00000004    r-- .const:xdc_runtime_System_maxAtexitHandlers__C
  000012e8    000012e8    00000004   00000004    r-- .const:xdc_runtime_Text_charTab__C
  000012ec    000012ec    00000004   00000004    r-- .const:xdc_runtime_Text_nameEmpty__C
  000012f0    000012f0    00000004   00000004    r-- .const:xdc_runtime_Text_nameStatic__C
  000012f4    000012f4    00000004   00000004    r-- .const:xdc_runtime_Text_nameUnknown__C
  000012f8    000012f8    00000002   00000002    r-- .const:xdc_runtime_Error_maxDepth__C
  000012fa    000012fa    00000002   00000002    r-- .const:xdc_runtime_Memory_Module__id__C
  000012fc    000012fc    00000002   00000002    r-- .const:xdc_runtime_Text_charCnt__C
  000012fe    000012fe    00000002   00000002    r-- .const:xdc_runtime_Text_isLoaded__C
  00001300    00001300    00000001   00000001    r-- .const:xdc_runtime_Error_policy__C
  00001304    00001304    00000004   00000004    r-- .const:ti_sysbios_rom_ROM_ti_sysbios_family_arm_cc26xx_Timer_getCount64__E
  00001308    00001308    00000004   00000004    r-- .const:ti_sysbios_rom_ROM_ti_sysbios_family_arm_cc26xx_Timer_getCurrentTick__E
  0000130c    0000130c    00000004   00000004    r-- .const:ti_sysbios_rom_ROM_ti_sysbios_family_arm_cc26xx_Timer_getMaxTicks__E
  00001310    00001310    00000004   00000004    r-- .const:ti_sysbios_rom_ROM_ti_sysbios_family_arm_cc26xx_Timer_initDevice__I
  00001314    00001314    00000004   00000004    r-- .const:ti_sysbios_rom_ROM_ti_sysbios_family_arm_cc26xx_Timer_setNextTick__E
  00001318    00001318    00000004   00000004    r-- .const:ti_sysbios_rom_ROM_ti_sysbios_family_arm_cc26xx_Timer_setThreshold__I
  0000131c    0000131c    00000004   00000004    r-- .const:ti_sysbios_rom_ROM_ti_sysbios_family_arm_cc26xx_Timer_start__E
  00001320    00001320    00000004   00000004    r-- .const:ti_sysbios_rom_ROM_ti_sysbios_family_arm_cc26xx_TimestampProvider_get32__E
  00001324    00001324    00000004   00000004    r-- .const:ti_sysbios_rom_ROM_xdc_runtime_Startup_getState__I
  00001328    00001328    00000004   00000004    r-- .const:ti_sysbios_rom_ROM_xdc_runtime_System_SupportProxy_abort__E
  0000132c    0000132c    00000004   00000004    r-- .const:ti_sysbios_rom_ROM_xdc_runtime_System_SupportProxy_exit__E
  00001330    00001330    00011c60   00011c60    r-x .text.2
  00012f90    00012f90    000015aa   000015aa    r-- .const
  0001453c    0001453c    000000a4   000000a4    r-- .rodata
  000145e0    000145e0    00000774   00000774    r-- .cinit
0001e000    0001e000    00001000   00001000    r--
  0001e000    0001e000    00001000   00001000    r-- .snvSectors
0001ffa8    0001ffa8    00000058   00000058    r--
  0001ffa8    0001ffa8    00000058   00000058    r-- .ccfg
20000100    20000100    00002c97   00000000    rw-
  20000100    20000100    00000044   00000000    rw- .data:ti_sysbios_knl_Task_Module__state__V
  20000144    20000144    00000034   00000000    rw- .data:ti_sysbios_family_arm_m3_Hwi_Module__state__V
  20000178    20000178    0000002c   00000000    rw- .data:ti_sysbios_knl_Clock_Module__state__V
  200001a4    200001a4    00000024   00000000    rw- .data:ti_sysbios_BIOS_Module__state__V
  200001c8    200001c8    0000001c   00000000    rw- .data:ti_sysbios_knl_Swi_Module__state__V
  200001e4    200001e4    00000008   00000000    rw- .data:ti_sysbios_family_arm_cc26xx_Timer_Module__state__V
  200001ec    200001ec    00000004   00000000    rw- .data:ti_sysbios_family_arm_cc26xx_TimestampProvider_Module__state__V
  200001f0    200001f0    00000008   00000000    rw- .data:xdc_runtime_Startup_Module__state__V
  200001f8    200001f8    00000008   00000000    rw- .data:xdc_runtime_System_Module__state__V
  20000200    20000200    00000004   00000000    rw- .data:xdc_runtime_Memory_Module__state__V
  20000204    20000204    00000002   00000000    rw- .data:xdc_runtime_Error_Module__state__V
  20000208    20000208    000020cd   00000000    rw- .data
  200022d8    200022d8    00000abf   00000000    rw- .bss
20004000    20004000    00000400   00000000    rw-
  20004000    20004000    00000400   00000000    rw- .stack


SECTION ALLOCATION MAP

 output                                  attributes/
section   page    origin      length       input sections
--------  ----  ----------  ----------   ----------------
.const:ti_sysbios_heaps_HeapMem_Module__FXNS__C 
*          0    00001000    00000028     
                  00001000    00000028     app_ble_pem3.oem3 (.const:ti_sysbios_heaps_HeapMem_Module__FXNS__C)

.const:ti_sysbios_gates_GateHwi_Module__FXNS__C 
*          0    00001028    00000024     
                  00001028    00000024     app_ble_pem3.oem3 (.const:ti_sysbios_gates_GateHwi_Module__FXNS__C)

.const:ti_sysbios_gates_GateMutex_Module__FXNS__C 
*          0    0000104c    00000024     
                  0000104c    00000024     app_ble_pem3.oem3 (.const:ti_sysbios_gates_GateMutex_Module__FXNS__C)

.const:ti_sysbios_family_arm_m3_Hwi_Object__DESC__C 
*          0    00001070    00000020     
                  00001070    00000020     app_ble_pem3.oem3 (.const:ti_sysbios_family_arm_m3_Hwi_Object__DESC__C)

.const:ti_sysbios_gates_GateHwi_Object__DESC__C 
*          0    00001090    00000020     
                  00001090    00000020     app_ble_pem3.oem3 (.const:ti_sysbios_gates_GateHwi_Object__DESC__C)

.const:ti_sysbios_gates_GateMutex_Object__DESC__C 
*          0    000010b0    00000020     
                  000010b0    00000020     app_ble_pem3.oem3 (.const:ti_sysbios_gates_GateMutex_Object__DESC__C)

.const:ti_sysbios_hal_Hwi_Object__DESC__C 
*          0    000010d0    00000020     
                  000010d0    00000020     app_ble_pem3.oem3 (.const:ti_sysbios_hal_Hwi_Object__DESC__C)

.const:ti_sysbios_heaps_HeapMem_Object__DESC__C 
*          0    000010f0    00000020     
                  000010f0    00000020     app_ble_pem3.oem3 (.const:ti_sysbios_heaps_HeapMem_Object__DESC__C)

.const:ti_sysbios_knl_Clock_Object__DESC__C 
*          0    00001110    00000020     
                  00001110    00000020     app_ble_pem3.oem3 (.const:ti_sysbios_knl_Clock_Object__DESC__C)

.const:ti_sysbios_knl_Event_Object__DESC__C 
*          0    00001130    00000020     
                  00001130    00000020     app_ble_pem3.oem3 (.const:ti_sysbios_knl_Event_Object__DESC__C)

.const:ti_sysbios_knl_Mailbox_Object__DESC__C 
*          0    00001150    00000020     
                  00001150    00000020     app_ble_pem3.oem3 (.const:ti_sysbios_knl_Mailbox_Object__DESC__C)

.const:ti_sysbios_knl_Queue_Object__DESC__C 
*          0    00001170    00000020     
                  00001170    00000020     app_ble_pem3.oem3 (.const:ti_sysbios_knl_Queue_Object__DESC__C)

.const:ti_sysbios_knl_Semaphore_Object__DESC__C 
*          0    00001190    00000020     
                  00001190    00000020     app_ble_pem3.oem3 (.const:ti_sysbios_knl_Semaphore_Object__DESC__C)

.const:ti_sysbios_knl_Swi_Object__DESC__C 
*          0    000011b0    00000020     
                  000011b0    00000020     app_ble_pem3.oem3 (.const:ti_sysbios_knl_Swi_Object__DESC__C)

.const:ti_sysbios_knl_Task_Object__DESC__C 
*          0    000011d0    00000020     
                  000011d0    00000020     app_ble_pem3.oem3 (.const:ti_sysbios_knl_Task_Object__DESC__C)

.const:ti_sysbios_knl_Idle_funcList__C 
*          0    000011f0    00000008     
                  000011f0    00000008     app_ble_pem3.oem3 (.const:ti_sysbios_knl_Idle_funcList__C)

.const:ti_sysbios_family_arm_cc26xx_Timer_startupNeeded__C 
*          0    000011f8    00000004     
                  000011f8    00000004     app_ble_pem3.oem3 (.const:ti_sysbios_family_arm_cc26xx_Timer_startupNeeded__C)

.const:ti_sysbios_family_arm_m3_Hwi_E_alreadyDefined__C 
*          0    000011fc    00000004     
                  000011fc    00000004     app_ble_pem3.oem3 (.const:ti_sysbios_family_arm_m3_Hwi_E_alreadyDefined__C)

.const:ti_sysbios_family_arm_m3_Hwi_E_hwiLimitExceeded__C 
*          0    00001200    00000004     
                  00001200    00000004     app_ble_pem3.oem3 (.const:ti_sysbios_family_arm_m3_Hwi_E_hwiLimitExceeded__C)

.const:ti_sysbios_family_arm_m3_Hwi_NUM_INTERRUPTS__C 
*          0    00001204    00000004     
                  00001204    00000004     app_ble_pem3.oem3 (.const:ti_sysbios_family_arm_m3_Hwi_NUM_INTERRUPTS__C)

.const:ti_sysbios_family_arm_m3_Hwi_Object__count__C 
*          0    00001208    00000004     
                  00001208    00000004     app_ble_pem3.oem3 (.const:ti_sysbios_family_arm_m3_Hwi_Object__count__C)

.const:ti_sysbios_family_arm_m3_Hwi_Object__table__C 
*          0    0000120c    00000004     
                  0000120c    00000004     app_ble_pem3.oem3 (.const:ti_sysbios_family_arm_m3_Hwi_Object__table__C)

.const:ti_sysbios_family_arm_m3_Hwi_ccr__C 
*          0    00001210    00000004     
                  00001210    00000004     app_ble_pem3.oem3 (.const:ti_sysbios_family_arm_m3_Hwi_ccr__C)

.const:ti_sysbios_family_arm_m3_Hwi_excHandlerFunc__C 
*          0    00001214    00000004     
                  00001214    00000004     app_ble_pem3.oem3 (.const:ti_sysbios_family_arm_m3_Hwi_excHandlerFunc__C)

.const:ti_sysbios_family_arm_m3_Hwi_nullIsrFunc__C 
*          0    00001218    00000004     
                  00001218    00000004     app_ble_pem3.oem3 (.const:ti_sysbios_family_arm_m3_Hwi_nullIsrFunc__C)

.const:ti_sysbios_family_arm_m3_Hwi_numSparseInterrupts__C 
*          0    0000121c    00000004     
                  0000121c    00000004     app_ble_pem3.oem3 (.const:ti_sysbios_family_arm_m3_Hwi_numSparseInterrupts__C)

.const:ti_sysbios_family_arm_m3_Hwi_priGroup__C 
*          0    00001220    00000004     
                  00001220    00000004     app_ble_pem3.oem3 (.const:ti_sysbios_family_arm_m3_Hwi_priGroup__C)

.const:ti_sysbios_family_arm_m3_TaskSupport_stackAlignment__C 
*          0    00001224    00000004     
                  00001224    00000004     app_ble_pem3.oem3 (.const:ti_sysbios_family_arm_m3_TaskSupport_stackAlignment__C)

.const:ti_sysbios_heaps_HeapMem_E_memory__C 
*          0    00001228    00000004     
                  00001228    00000004     app_ble_pem3.oem3 (.const:ti_sysbios_heaps_HeapMem_E_memory__C)

.const:ti_sysbios_heaps_HeapMem_Module__gateObj__C 
*          0    0000122c    00000004     
                  0000122c    00000004     app_ble_pem3.oem3 (.const:ti_sysbios_heaps_HeapMem_Module__gateObj__C)

.const:ti_sysbios_heaps_HeapMem_Object__count__C 
*          0    00001230    00000004     
                  00001230    00000004     app_ble_pem3.oem3 (.const:ti_sysbios_heaps_HeapMem_Object__count__C)

.const:ti_sysbios_heaps_HeapMem_Object__table__C 
*          0    00001234    00000004     
                  00001234    00000004     app_ble_pem3.oem3 (.const:ti_sysbios_heaps_HeapMem_Object__table__C)

.const:ti_sysbios_heaps_HeapMem_reqAlign__C 
*          0    00001238    00000004     
                  00001238    00000004     app_ble_pem3.oem3 (.const:ti_sysbios_heaps_HeapMem_reqAlign__C)

.const:ti_sysbios_knl_Clock_triggerClock__C 
*          0    0000123c    00000004     
                  0000123c    00000004     app_ble_pem3.oem3 (.const:ti_sysbios_knl_Clock_triggerClock__C)

.const:ti_sysbios_knl_Mailbox_Object__count__C 
*          0    00001240    00000004     
                  00001240    00000004     app_ble_pem3.oem3 (.const:ti_sysbios_knl_Mailbox_Object__count__C)

.const:ti_sysbios_knl_Mailbox_Object__table__C 
*          0    00001244    00000004     
                  00001244    00000004     app_ble_pem3.oem3 (.const:ti_sysbios_knl_Mailbox_Object__table__C)

.const:ti_sysbios_knl_Mailbox_maxTypeAlign__C 
*          0    00001248    00000004     
                  00001248    00000004     app_ble_pem3.oem3 (.const:ti_sysbios_knl_Mailbox_maxTypeAlign__C)

.const:ti_sysbios_knl_Queue_Object__count__C 
*          0    0000124c    00000004     
                  0000124c    00000004     app_ble_pem3.oem3 (.const:ti_sysbios_knl_Queue_Object__count__C)

.const:ti_sysbios_knl_Queue_Object__table__C 
*          0    00001250    00000004     
                  00001250    00000004     app_ble_pem3.oem3 (.const:ti_sysbios_knl_Queue_Object__table__C)

.const:ti_sysbios_knl_Semaphore_eventPost__C 
*          0    00001254    00000004     
                  00001254    00000004     app_ble_pem3.oem3 (.const:ti_sysbios_knl_Semaphore_eventPost__C)

.const:ti_sysbios_knl_Semaphore_eventSync__C 
*          0    00001258    00000004     
                  00001258    00000004     app_ble_pem3.oem3 (.const:ti_sysbios_knl_Semaphore_eventSync__C)

.const:ti_sysbios_knl_Swi_Object__count__C 
*          0    0000125c    00000004     
                  0000125c    00000004     app_ble_pem3.oem3 (.const:ti_sysbios_knl_Swi_Object__count__C)

.const:ti_sysbios_knl_Swi_Object__table__C 
*          0    00001260    00000004     
                  00001260    00000004     app_ble_pem3.oem3 (.const:ti_sysbios_knl_Swi_Object__table__C)

.const:ti_sysbios_knl_Swi_numPriorities__C 
*          0    00001264    00000004     
                  00001264    00000004     app_ble_pem3.oem3 (.const:ti_sysbios_knl_Swi_numPriorities__C)

.const:ti_sysbios_knl_Task_Object__count__C 
*          0    00001268    00000004     
                  00001268    00000004     app_ble_pem3.oem3 (.const:ti_sysbios_knl_Task_Object__count__C)

.const:ti_sysbios_knl_Task_Object__table__C 
*          0    0000126c    00000004     
                  0000126c    00000004     app_ble_pem3.oem3 (.const:ti_sysbios_knl_Task_Object__table__C)

.const:ti_sysbios_knl_Task_allBlockedFunc__C 
*          0    00001270    00000004     
                  00001270    00000004     app_ble_pem3.oem3 (.const:ti_sysbios_knl_Task_allBlockedFunc__C)

.const:ti_sysbios_knl_Task_defaultStackHeap__C 
*          0    00001274    00000004     
                  00001274    00000004     app_ble_pem3.oem3 (.const:ti_sysbios_knl_Task_defaultStackHeap__C)

.const:ti_sysbios_knl_Task_defaultStackSize__C 
*          0    00001278    00000004     
                  00001278    00000004     app_ble_pem3.oem3 (.const:ti_sysbios_knl_Task_defaultStackSize__C)

.const:ti_sysbios_knl_Task_numConstructedTasks__C 
*          0    0000127c    00000004     
                  0000127c    00000004     app_ble_pem3.oem3 (.const:ti_sysbios_knl_Task_numConstructedTasks__C)

.const:ti_sysbios_family_arm_cc26xx_Timer_Module__id__C 
*          0    00001280    00000002     
                  00001280    00000002     app_ble_pem3.oem3 (.const:ti_sysbios_family_arm_cc26xx_Timer_Module__id__C)

.const:ti_sysbios_family_arm_cc26xx_TimestampProvider_useClockTimer__C 
*          0    00001282    00000002     
                  00001282    00000002     app_ble_pem3.oem3 (.const:ti_sysbios_family_arm_cc26xx_TimestampProvider_useClockTimer__C)

.const:ti_sysbios_family_arm_m3_Hwi_Module__id__C 
*          0    00001284    00000002     
                  00001284    00000002     app_ble_pem3.oem3 (.const:ti_sysbios_family_arm_m3_Hwi_Module__id__C)

.const:ti_sysbios_gates_GateHwi_Module__id__C 
*          0    00001286    00000002     
                  00001286    00000002     app_ble_pem3.oem3 (.const:ti_sysbios_gates_GateHwi_Module__id__C)

.const:ti_sysbios_gates_GateMutex_Module__id__C 
*          0    00001288    00000002     
                  00001288    00000002     app_ble_pem3.oem3 (.const:ti_sysbios_gates_GateMutex_Module__id__C)

.const:ti_sysbios_heaps_HeapMem_Module__id__C 
*          0    0000128a    00000002     
                  0000128a    00000002     app_ble_pem3.oem3 (.const:ti_sysbios_heaps_HeapMem_Module__id__C)

.const:ti_sysbios_knl_Task_initStackFlag__C 
*          0    0000128c    00000002     
                  0000128c    00000002     app_ble_pem3.oem3 (.const:ti_sysbios_knl_Task_initStackFlag__C)

.const:ti_sysbios_knl_Clock_tickMode__C 
*          0    0000128e    00000001     
                  0000128e    00000001     app_ble_pem3.oem3 (.const:ti_sysbios_knl_Clock_tickMode__C)

.const:xdc_runtime_Startup_firstFxns__C 
*          0    00001290    00000008     
                  00001290    00000008     app_ble_pem3.oem3 (.const:xdc_runtime_Startup_firstFxns__C)

.const:xdc_runtime_Startup_lastFxns__C 
*          0    00001298    00000008     
                  00001298    00000008     app_ble_pem3.oem3 (.const:xdc_runtime_Startup_lastFxns__C)

.const:xdc_runtime_Assert_E_assertFailed__C 
*          0    000012a0    00000004     
                  000012a0    00000004     app_ble_pem3.oem3 (.const:xdc_runtime_Assert_E_assertFailed__C)

.const:xdc_runtime_Error_E_memory__C 
*          0    000012a4    00000004     
                  000012a4    00000004     app_ble_pem3.oem3 (.const:xdc_runtime_Error_E_memory__C)

.const:xdc_runtime_Error_policyFxn__C 
*          0    000012a8    00000004     
                  000012a8    00000004     app_ble_pem3.oem3 (.const:xdc_runtime_Error_policyFxn__C)

.const:xdc_runtime_Error_raiseHook__C 
*          0    000012ac    00000004     
                  000012ac    00000004     app_ble_pem3.oem3 (.const:xdc_runtime_Error_raiseHook__C)

.const:xdc_runtime_IGateProvider_Interface__BASE__C 
*          0    000012b0    00000004     
                  000012b0    00000004     app_ble_pem3.oem3 (.const:xdc_runtime_IGateProvider_Interface__BASE__C)

.const:xdc_runtime_IHeap_Interface__BASE__C 
*          0    000012b4    00000004     
                  000012b4    00000004     app_ble_pem3.oem3 (.const:xdc_runtime_IHeap_Interface__BASE__C)

.const:xdc_runtime_IModule_Interface__BASE__C 
*          0    000012b8    00000004     
                  000012b8    00000004     app_ble_pem3.oem3 (.const:xdc_runtime_IModule_Interface__BASE__C)

.const:xdc_runtime_Memory_defaultHeapInstance__C 
*          0    000012bc    00000004     
                  000012bc    00000004     app_ble_pem3.oem3 (.const:xdc_runtime_Memory_defaultHeapInstance__C)

.const:xdc_runtime_Startup_execImpl__C 
*          0    000012c0    00000004     
                  000012c0    00000004     app_ble_pem3.oem3 (.const:xdc_runtime_Startup_execImpl__C)

.const:xdc_runtime_Startup_maxPasses__C 
*          0    000012c4    00000004     
                  000012c4    00000004     app_ble_pem3.oem3 (.const:xdc_runtime_Startup_maxPasses__C)

.const:xdc_runtime_Startup_sfxnRts__C 
*          0    000012c8    00000004     
                  000012c8    00000004     app_ble_pem3.oem3 (.const:xdc_runtime_Startup_sfxnRts__C)

.const:xdc_runtime_Startup_sfxnTab__C 
*          0    000012cc    00000004     
                  000012cc    00000004     app_ble_pem3.oem3 (.const:xdc_runtime_Startup_sfxnTab__C)

.const:xdc_runtime_Startup_startModsFxn__C 
*          0    000012d0    00000004     
                  000012d0    00000004     app_ble_pem3.oem3 (.const:xdc_runtime_Startup_startModsFxn__C)

.const:xdc_runtime_SysCallback_abortFxn__C 
*          0    000012d4    00000004     
                  000012d4    00000004     app_ble_pem3.oem3 (.const:xdc_runtime_SysCallback_abortFxn__C)

.const:xdc_runtime_SysCallback_exitFxn__C 
*          0    000012d8    00000004     
                  000012d8    00000004     app_ble_pem3.oem3 (.const:xdc_runtime_SysCallback_exitFxn__C)

.const:xdc_runtime_System_abortFxn__C 
*          0    000012dc    00000004     
                  000012dc    00000004     app_ble_pem3.oem3 (.const:xdc_runtime_System_abortFxn__C)

.const:xdc_runtime_System_exitFxn__C 
*          0    000012e0    00000004     
                  000012e0    00000004     app_ble_pem3.oem3 (.const:xdc_runtime_System_exitFxn__C)

.const:xdc_runtime_System_maxAtexitHandlers__C 
*          0    000012e4    00000004     
                  000012e4    00000004     app_ble_pem3.oem3 (.const:xdc_runtime_System_maxAtexitHandlers__C)

.const:xdc_runtime_Text_charTab__C 
*          0    000012e8    00000004     
                  000012e8    00000004     app_ble_pem3.oem3 (.const:xdc_runtime_Text_charTab__C)

.const:xdc_runtime_Text_nameEmpty__C 
*          0    000012ec    00000004     
                  000012ec    00000004     app_ble_pem3.oem3 (.const:xdc_runtime_Text_nameEmpty__C)

.const:xdc_runtime_Text_nameStatic__C 
*          0    000012f0    00000004     
                  000012f0    00000004     app_ble_pem3.oem3 (.const:xdc_runtime_Text_nameStatic__C)

.const:xdc_runtime_Text_nameUnknown__C 
*          0    000012f4    00000004     
                  000012f4    00000004     app_ble_pem3.oem3 (.const:xdc_runtime_Text_nameUnknown__C)

.const:xdc_runtime_Error_maxDepth__C 
*          0    000012f8    00000002     
                  000012f8    00000002     app_ble_pem3.oem3 (.const:xdc_runtime_Error_maxDepth__C)

.const:xdc_runtime_Memory_Module__id__C 
*          0    000012fa    00000002     
                  000012fa    00000002     app_ble_pem3.oem3 (.const:xdc_runtime_Memory_Module__id__C)

.const:xdc_runtime_Text_charCnt__C 
*          0    000012fc    00000002     
                  000012fc    00000002     app_ble_pem3.oem3 (.const:xdc_runtime_Text_charCnt__C)

.const:xdc_runtime_Text_isLoaded__C 
*          0    000012fe    00000002     
                  000012fe    00000002     app_ble_pem3.oem3 (.const:xdc_runtime_Text_isLoaded__C)

.const:xdc_runtime_Error_policy__C 
*          0    00001300    00000001     
                  00001300    00000001     app_ble_pem3.oem3 (.const:xdc_runtime_Error_policy__C)

.const:ti_sysbios_rom_ROM_ti_sysbios_family_arm_cc26xx_Timer_getCount64__E 
*          0    00001304    00000004     
                  00001304    00000004     app_ble_pem3.oem3 (.const:ti_sysbios_rom_ROM_ti_sysbios_family_arm_cc26xx_Timer_getCount64__E)

.const:ti_sysbios_rom_ROM_ti_sysbios_family_arm_cc26xx_Timer_getCurrentTick__E 
*          0    00001308    00000004     
                  00001308    00000004     app_ble_pem3.oem3 (.const:ti_sysbios_rom_ROM_ti_sysbios_family_arm_cc26xx_Timer_getCurrentTick__E)

.const:ti_sysbios_rom_ROM_ti_sysbios_family_arm_cc26xx_Timer_getMaxTicks__E 
*          0    0000130c    00000004     
                  0000130c    00000004     app_ble_pem3.oem3 (.const:ti_sysbios_rom_ROM_ti_sysbios_family_arm_cc26xx_Timer_getMaxTicks__E)

.const:ti_sysbios_rom_ROM_ti_sysbios_family_arm_cc26xx_Timer_initDevice__I 
*          0    00001310    00000004     
                  00001310    00000004     app_ble_pem3.oem3 (.const:ti_sysbios_rom_ROM_ti_sysbios_family_arm_cc26xx_Timer_initDevice__I)

.const:ti_sysbios_rom_ROM_ti_sysbios_family_arm_cc26xx_Timer_setNextTick__E 
*          0    00001314    00000004     
                  00001314    00000004     app_ble_pem3.oem3 (.const:ti_sysbios_rom_ROM_ti_sysbios_family_arm_cc26xx_Timer_setNextTick__E)

.const:ti_sysbios_rom_ROM_ti_sysbios_family_arm_cc26xx_Timer_setThreshold__I 
*          0    00001318    00000004     
                  00001318    00000004     app_ble_pem3.oem3 (.const:ti_sysbios_rom_ROM_ti_sysbios_family_arm_cc26xx_Timer_setThreshold__I)

.const:ti_sysbios_rom_ROM_ti_sysbios_family_arm_cc26xx_Timer_start__E 
*          0    0000131c    00000004     
                  0000131c    00000004     app_ble_pem3.oem3 (.const:ti_sysbios_rom_ROM_ti_sysbios_family_arm_cc26xx_Timer_start__E)

.const:ti_sysbios_rom_ROM_ti_sysbios_family_arm_cc26xx_TimestampProvider_get32__E 
*          0    00001320    00000004     
                  00001320    00000004     app_ble_pem3.oem3 (.const:ti_sysbios_rom_ROM_ti_sysbios_family_arm_cc26xx_TimestampProvider_get32__E)

.const:ti_sysbios_rom_ROM_xdc_runtime_Startup_getState__I 
*          0    00001324    00000004     
                  00001324    00000004     app_ble_pem3.oem3 (.const:ti_sysbios_rom_ROM_xdc_runtime_Startup_getState__I)

.const:ti_sysbios_rom_ROM_xdc_runtime_System_SupportProxy_abort__E 
*          0    00001328    00000004     
                  00001328    00000004     app_ble_pem3.oem3 (.const:ti_sysbios_rom_ROM_xdc_runtime_System_SupportProxy_abort__E)

.const:ti_sysbios_rom_ROM_xdc_runtime_System_SupportProxy_exit__E 
*          0    0000132c    00000004     
                  0000132c    00000004     app_ble_pem3.oem3 (.const:ti_sysbios_rom_ROM_xdc_runtime_System_SupportProxy_exit__E)

.data:ti_sysbios_knl_Task_Module__state__V 
*          0    20000100    00000044     UNINITIALIZED
                  20000100    00000044     app_ble_pem3.oem3 (.data:ti_sysbios_knl_Task_Module__state__V)

.data:ti_sysbios_family_arm_m3_Hwi_Module__state__V 
*          0    20000144    00000034     UNINITIALIZED
                  20000144    00000034     app_ble_pem3.oem3 (.data:ti_sysbios_family_arm_m3_Hwi_Module__state__V)

.data:ti_sysbios_knl_Clock_Module__state__V 
*          0    20000178    0000002c     UNINITIALIZED
                  20000178    0000002c     app_ble_pem3.oem3 (.data:ti_sysbios_knl_Clock_Module__state__V)

.data:ti_sysbios_BIOS_Module__state__V 
*          0    200001a4    00000024     UNINITIALIZED
                  200001a4    00000024     app_ble_pem3.oem3 (.data:ti_sysbios_BIOS_Module__state__V)

.data:ti_sysbios_knl_Swi_Module__state__V 
*          0    200001c8    0000001c     UNINITIALIZED
                  200001c8    0000001c     app_ble_pem3.oem3 (.data:ti_sysbios_knl_Swi_Module__state__V)

.data:ti_sysbios_family_arm_cc26xx_Timer_Module__state__V 
*          0    200001e4    00000008     UNINITIALIZED
                  200001e4    00000008     app_ble_pem3.oem3 (.data:ti_sysbios_family_arm_cc26xx_Timer_Module__state__V)

.data:ti_sysbios_family_arm_cc26xx_TimestampProvider_Module__state__V 
*          0    200001ec    00000004     UNINITIALIZED
                  200001ec    00000004     app_ble_pem3.oem3 (.data:ti_sysbios_family_arm_cc26xx_TimestampProvider_Module__state__V)

.data:xdc_runtime_Startup_Module__state__V 
*          0    200001f0    00000008     UNINITIALIZED
                  200001f0    00000008     app_ble_pem3.oem3 (.data:xdc_runtime_Startup_Module__state__V)

.data:xdc_runtime_System_Module__state__V 
*          0    200001f8    00000008     UNINITIALIZED
                  200001f8    00000008     app_ble_pem3.oem3 (.data:xdc_runtime_System_Module__state__V)

.data:xdc_runtime_Memory_Module__state__V 
*          0    20000200    00000004     UNINITIALIZED
                  20000200    00000004     app_ble_pem3.oem3 (.data:xdc_runtime_Memory_Module__state__V)

.data:xdc_runtime_Error_Module__state__V 
*          0    20000204    00000002     UNINITIALIZED
                  20000204    00000002     app_ble_pem3.oem3 (.data:xdc_runtime_Error_Module__state__V)

.bootVecs 
*          0    00000000    00000008     DSECT
                  00000000    00000008     boot.aem3 : boot.oem3 (.bootVecs)

.resetVecs 
*          0    00000000    0000003c     
                  00000000    0000003c     app_ble_pem3.oem3 (.resetVecs)

.vecs      0    20000000    000000c8     NOLOAD SECTION
                  20000000    000000c8     app_ble_pem3.oem3 (.vecs)

xdc.meta   0    00000000    00000115     COPY SECTION
                  00000000    00000115     app_ble_pem3.oem3 (xdc.meta)

xdc.noload 
*          0    00000000    00000000     COPY SECTION

.cinit     0    000145e0    00000774     
                  000145e0    0000062f     (.cinit..data.load) [load image, compression = lzss]
                  00014c0f    00000028     (.cinit..data:ti_sysbios_family_arm_m3_Hwi_Module__state__V.load) [load image, compression = lzss]
                  00014c37    00000021     (.cinit..data:ti_sysbios_knl_Task_Module__state__V.load) [load image, compression = lzss]
                  00014c58    0000001f     (.cinit..data:ti_sysbios_BIOS_Module__state__V.load) [load image, compression = lzss]
                  00014c77    0000001e     (.cinit..data:ti_sysbios_knl_Clock_Module__state__V.load) [load image, compression = lzss]
                  00014c95    00000010     (.cinit..data:ti_sysbios_knl_Swi_Module__state__V.load) [load image, compression = lzss]
                  00014ca5    00000003     --HOLE-- [fill = 0]
                  00014ca8    0000000c     (__TI_handler_table)
                  00014cb4    0000000b     (.cinit..data:ti_sysbios_family_arm_cc26xx_Timer_Module__state__V.load) [load image, compression = lzss]
                  00014cbf    00000001     --HOLE-- [fill = 0]
                  00014cc0    00000008     (.cinit..bss.load) [load image, compression = zero_init]
                  00014cc8    00000008     (.cinit..data:xdc_runtime_Memory_Module__state__V.load) [load image, compression = lzss]
                  00014cd0    00000007     (.cinit..data:ti_sysbios_family_arm_cc26xx_TimestampProvider_Module__state__V.load) [load image, compression = lzss]
                  00014cd7    00000007     (.cinit..data:xdc_runtime_Startup_Module__state__V.load) [load image, compression = lzss]
                  00014cde    00000007     (.cinit..data:xdc_runtime_System_Module__state__V.load) [load image, compression = lzss]
                  00014ce5    00000006     (.cinit..data:xdc_runtime_Error_Module__state__V.load) [load image, compression = lzss]
                  00014ceb    00000001     --HOLE-- [fill = 0]
                  00014cec    00000068     (__TI_cinit_table)

.init_array 
*          0    00000000    00000000     UNINITIALIZED

.snvSectors 
*          0    0001e000    00001000     
                  0001e000    00001000     simple_peripheral_cc2640r2lp_stack_library.lib : osal_snv_wrapper.obj (.snvSectors:retain)

.ccfg      0    0001ffa8    00000058     
                  0001ffa8    00000058     ccfg_app_ble.obj (.ccfg:retain)

.data      0    20000208    000020cd     UNINITIALIZED
                  20000208    000003a8     Controller.obj (.data:$O19$$)
                  200005b0    00000320     peripheral.obj (.data:$O25$$)
                  200008d0    00000310     simple_peripheral.obj (.data:$O9$$)
                  20000be0    000001c0     generalPurposeTimer.obj (.data:$O4$$)
                  20000da0    000001b8     Dashboard.obj (.data:$O21$$)
                  20000f58    000001b4     dataAnalysis.obj (.data:$O3$$)
                  2000110c    00000174     simple_peripheral_cc2640r2lp_stack_library.lib : gapbondmgr.obj (.data:$O48$$)
                  20001280    00000170     Battery.obj (.data:$O17$$)
                  200013f0    00000114     drivers_cc26x0r2.aem3 : PINCC26XX.oem3 (.data:$O1$$)
                  20001504    00000114                           : PowerCC26XX.oem3 (.data:PowerCC26XX_module)
                  20001618    000000f0     icall.obj (.data:$O13$$)
                  20001708    000000e4     devinfoservice.obj (.data:$O23$$)
                  200017ec    000000ac     STM32MCP.obj (.data:$O26$$)
                  20001898    0000007c     simple_peripheral_cc2640r2lp_stack_library.lib : osal_cbtimer.obj (.data:$O50$$)
                  20001914    00000070     cc26xx_profiles_pxxx.a : gapgattserver.o (.data)
                  20001984    00000058     drivers_cc26x0r2.aem3 : CryptoResourceCC26XX.oem3 (.data:$O1$$)
                  200019dc    00000058     UDHAL_TIM1.obj (.data:$O34$$)
                  20001a34    00000058     UDHAL_TIM2.obj (.data:$O35$$)
                  20001a8c    00000058     UDHAL_TIM3.obj (.data:$O36$$)
                  20001ae4    00000058     UDHAL_TIM4.obj (.data:$O37$$)
                  20001b3c    00000058     UDHAL_TIM5.obj (.data:$O38$$)
                  20001b94    00000058     cc26xx_gap_pxxx.a : gap_configmgr.o (.data)
                  20001bec    00000054     UDHAL_TIM6.obj (.data:$O39$$)
                  20001c40    00000054     UDHAL_TIM9.obj (.data:$O40$$)
                  20001c94    00000050     brakeAndThrottle.obj (.data:$O1$$)
                  20001ce4    0000004c     UDHAL_I2C.obj (.data:$O33$$)
                  20001d30    0000004c     app_ble_pem3.oem3 (.data:ti_sysbios_knl_Task_Object__table__V)
                  20001d7c    00000004     UDHAL_GPIO.obj (.data:$O32$$)
                  20001d80    00000048     app_ble_pem3.oem3 (.data:ti_sysbios_family_arm_cc26xx_Timer_Object__table__V)
                  20001dc8    00000040     drivers_cc26x0r2.aem3 : GPIOCC26XX.oem3 (.data:$O1$$)
                  20001e08    0000003c     UDHAL_UART.obj (.data:$O41$$)
                  20001e44    00000038     cc2640_ctrlll_pxxx.a : ll_config.o (.data)
                  20001e7c    00000038     app_ble_pem3.oem3 (.data:ti_sysbios_gates_GateMutex_Object__table__V)
                  20001eb4    00000030     board.obj (.data:gpioPinConfigs)
                  20001ee4    00000030     ble_user_config.obj (.data:rfRegTbl)
                  20001f14    00000030     app_ble_pem3.oem3 (.data:ti_sysbios_knl_Swi_Module_State_0_readyQ__A)
                  20001f44    00000030     app_ble_pem3.oem3 (.data:ti_sysbios_knl_Swi_Object__table__V)
                  20001f74    00000030     app_ble_pem3.oem3 (.data:ti_sysbios_knl_Task_Module_State_0_readyQ__A)
                  20001fa4    0000002c     simple_peripheral_cc2640r2lp_stack_library.lib : osal.obj (.data:$O44$$)
                  20001fd0    00000028     ECCROMCC26XX.obj (.data:$O10$$)
                  20001ff8    00000028     TSL2561.obj (.data:$O28$$)
                  20002020    00000028     motorControl.obj (.data:$O7$$)
                  20002048    00000024     cc26xx_profiles_pxxx.a : gapgattserver.o (.data)
                  2000206c    00000020     drivers_cc26x0r2.aem3 : ADCCC26XX.oem3 (.data:$O1$$)
                  2000208c    00000020     app_ble_pem3.oem3 (.data:ti_sysbios_knl_Clock_Object__table__V)
                  200020ac    00000020     app_ble_pem3.oem3 (.data:xdc_runtime_Error_IgnoreBlock)
                  200020cc    0000001c     lightControl.obj (.data:$O6$$)
                  200020e8    0000001c     periodicCommunication.obj (.data:$O8$$)
                  20002104    00000018     UDHAL_ADC1.obj (.data:$O30$$)
                  2000211c    00000018     UDHAL_ADC2.obj (.data:$O31$$)
                  20002134    00000018     app_ble_pem3.oem3 (.data:ti_sysbios_family_arm_m3_Hwi_Object__table__V)
                  2000214c    00000011     dataAnalysis.obj (.data:coefficient_array$3)
                  2000215d    00000003     STM32MCP.obj (.data)
                  20002160    00000010     singleButton.obj (.data:$O42$$)
                  20002170    00000010     icall_user_config.obj (.data:bleAppServiceInfoTable)
                  20002180    00000010     cc26xx_profiles_pxxx.a : gattservapp.o (.data)
                  20002190    00000010     board.obj (.data:gpioCallbackFunctions)
                  200021a0    00000010     icall_api_lite.obj (.data)
                  200021b0    00000010     ble_user_config.obj (.data:rfModeOverride)
                  200021c0    00000010     main.obj (.data:user0Cfg)
                  200021d0    0000000d     Controller.obj (.data)
                  200021dd    00000002     STM32MCP.obj (.data:STM32MCP_regBusVoltageVal$28)
                  200021df    00000001     TRNGCC26XX.obj (.data)
                  200021e0    0000000c     cc2640_ctrlll_pxxx.a : ll_data.o (.data)
                  200021ec    0000000c     app_ble_pem3.oem3 (.data:ti_sysbios_heaps_HeapCallback_Object__table__V)
                  200021f8    00000008     icall_cc2650.obj (.data:$O15$$)
                  20002200    00000008     simple_peripheral_cc2640r2lp_stack_library.lib : hal_assert.obj (.data:$O43$$)
                  20002208    00000008                                                    : osal_clock.obj (.data:$O51$$)
                  20002210    00000008     rtsv7M3_T_le_eabi.lib : _lock.c.obj (.data:$O53$$)
                  20002218    00000008     app_ble_pem3.oem3 (.data:ti_sysbios_family_arm_m3_Hwi_Module__root__V)
                  20002220    00000008     app_ble_pem3.oem3 (.data:ti_sysbios_gates_GateHwi_Module__root__V)
                  20002228    00000008     app_ble_pem3.oem3 (.data:ti_sysbios_gates_GateMutex_Module__root__V)
                  20002230    00000008     app_ble_pem3.oem3 (.data:ti_sysbios_hal_Hwi_Module__root__V)
                  20002238    00000008     app_ble_pem3.oem3 (.data:ti_sysbios_heaps_HeapCallback_Module__root__V)
                  20002240    00000008     app_ble_pem3.oem3 (.data:ti_sysbios_heaps_HeapMem_Module__root__V)
                  20002248    00000008     app_ble_pem3.oem3 (.data:ti_sysbios_knl_Clock_Module__root__V)
                  20002250    00000008     app_ble_pem3.oem3 (.data:ti_sysbios_knl_Event_Module__root__V)
                  20002258    00000008     app_ble_pem3.oem3 (.data:ti_sysbios_knl_Mailbox_Module__root__V)
                  20002260    00000008     app_ble_pem3.oem3 (.data:ti_sysbios_knl_Queue_Module__root__V)
                  20002268    00000008     app_ble_pem3.oem3 (.data:ti_sysbios_knl_Semaphore_Module__root__V)
                  20002270    00000008     app_ble_pem3.oem3 (.data:ti_sysbios_knl_Swi_Module__root__V)
                  20002278    00000008     app_ble_pem3.oem3 (.data:ti_sysbios_knl_Task_Module__root__V)
                  20002280    00000006     Dashboard.obj (.data)
                  20002286    00000005     Battery.obj (.data)
                  2000228b    00000001     UDHAL.obj (.data)
                  2000228c    00000004     simple_peripheral_cc2640r2lp_stack_library.lib : osal_pwrmgr.obj (.data:$O45$$)
                  20002290    00000004                                                    : osal_snv_wrapper.obj (.data:$O46$$)
                  20002294    00000004     STM32MCP.obj (.data:STM32MCP_regFlagsVal$28)
                  20002298    00000004     STM32MCP.obj (.data:STM32MCP_regSpeedMeasuredVal$28)
                  2000229c    00000004     ble_user_config.obj (.data)
                  200022a0    00000004     devinfoservice.obj (.data)
                  200022a4    00000004     rtsv7M3_T_le_eabi.lib : errno.c.obj (.data)
                  200022a8    00000004                           : stkdepth_vars.c.obj (.data)
                  200022ac    00000004     simple_peripheral_cc2640r2lp_stack_library.lib : ble_user_config.obj (.data)
                  200022b0    00000004                                                    : osal_bufmgr.obj (.data)
                  200022b4    00000004     app_ble_pem3.oem3 (.data:ti_sysbios_family_arm_m3_Hwi_Module_State_0_excContext__A)
                  200022b8    00000004     app_ble_pem3.oem3 (.data:ti_sysbios_family_arm_m3_Hwi_Module_State_0_excStack__A)
                  200022bc    00000004     app_ble_pem3.oem3 (.data:ti_sysbios_knl_Task_Module_State_0_idleTask__A)
                  200022c0    00000002     STM32MCP.obj (.data:STM32MCP_regFluxReferenceVal$28)
                  200022c2    00000002     STM32MCP.obj (.data:STM32MCP_regHeatSinkTemperatureVal$28)
                  200022c4    00000002     STM32MCP.obj (.data:STM32MCP_regMotorPowerVal$28)
                  200022c6    00000002     STM32MCP.obj (.data:STM32MCP_regSpeedKP$28)
                  200022c8    00000002     STM32MCP.obj (.data:STM32MCP_regTorqueReferenceVal$28)
                  200022ca    00000002     app_ble_pem3.oem3 (.data:ti_sysbios_family_arm_m3_Hwi_Module_State_0_excActive__A)
                  200022cc    00000001     cc2640_ctrlll_pxxx.a : ll_data.o (.data)
                  200022cd    00000001     cc26xx_profiles_pxxx.a : gapgattserver.o (.data)
                  200022ce    00000001                            : gapgattserver.o (.data)
                  200022cf    00000001                            : gapgattserver.o (.data)
                  200022d0    00000001     drivers_cc26x0r2.aem3 : ADC.oem3 (.data)
                  200022d1    00000001                           : CryptoCC26XX.oem3 (.data)
                  200022d2    00000001                           : I2C.oem3 (.data)
                  200022d3    00000001                           : UART.oem3 (.data)
                  200022d4    00000001     powerOnTime.obj (.data)

.bss       0    200022d8    00000abf     UNINITIALIZED
                  200022d8    000003a0     RFCC26XX_singleMode.obj (.bss:$O12$$)
                  20002678    00000200     app_ble_pem3.oem3 (.bss:taskStackSection)
                  20002878    0000012c     (.common:uartCC26XXObjects)
                  200029a4    000000e0     (.common:i2cCC26xxObjects)
                  20002a84    000000dc     (.common:adcCC26xxObjects)
                  20002b60    000000c8     (.common:ti_sysbios_family_arm_m3_Hwi_dispatchTable)
                  20002c28    00000078     cc2640_ctrlll_pxxx.a : ll.o (.bss)
                  20002ca0    0000002c     (.common:cryptoCC26XXObjects)
                  20002ccc    00000020     (.common:uartCC26XXRingBuffer)
                  20002cec    00000014     RFCC26XX_singleMode.obj (.bss:RF_ratSyncCmd$13)
                  20002d00    00000014     driverlib.lib : osc.obj (.bss:oscHfGlobals$100)
                  20002d14    00000010     ledControl.obj (.bss:$O5$$)
                  20002d24    0000000c     simple_peripheral_cc2640r2lp_stack_library.lib : osal_timers.obj (.bss:$O47$$)
                  20002d30    0000000c     cc2640_ctrlll_pxxx.a : ll_scheduler.o (.bss)
                  20002d3c    00000008     dpl_cc26x0r2.aem3 : PowerCC26XX_tirtos.oem3 (.bss:$O1$$)
                  20002d44    00000008     buzzerControl.obj (.bss:$O2$$)
                  20002d4c    00000008     cc2640_ctrlll_pxxx.a : ll_common.o (.bss)
                  20002d54    00000008                          : ll_common.o (.bss)
                  20002d5c    00000008     driverlib.lib : sys_ctrl.obj (.bss:powerQualGlobals$102)
                  20002d64    00000004     att_rsp.obj (.bss)
                  20002d68    00000004     cc2640_ctrlll_pxxx.a : ll.o (.bss)
                  20002d6c    00000004                          : ll.o (.bss)
                  20002d70    00000004                          : ll.o (.bss)
                  20002d74    00000004                          : ll_common.o (.bss)
                  20002d78    00000004     cc26xx_gap_pxxx.a : gap_linkmgr.o (.bss)
                  20002d7c    00000004     cc26xx_profiles_pxxx.a : gapgattserver.o (.bss)
                  20002d80    00000004     (.common:ClockP_tickPeriod)
                  20002d84    00000004     (.common:tasksEvents)
                  20002d88    00000004     (.common:trngCC26XXObjects)
                  20002d8c    00000002     cc2640_ctrlll_pxxx.a : ll_slave_end_causes.o (.bss)
                  20002d8e    00000001     RFCC26XX_singleMode.obj (.bss)
                  20002d8f    00000001     cc26xx_hci_tl_none.a : hci_tl.o (.bss)
                  20002d90    00000001                          : hci_tl.o (.bss)
                  20002d91    00000001                          : hci_tl.o (.bss)
                  20002d92    00000001                          : hci_tl.o (.bss)
                  20002d93    00000001                          : hci_tl.o (.bss)
                  20002d94    00000001     drivers_cc26x0r2.aem3 : CryptoCC26XX.oem3 (.bss)
                  20002d95    00000001     (.common:driverlib_release_0_60062)
                  20002d96    00000001     (.common:icall_liteTaskId)

.vtable    0    20002d97    00000000     UNINITIALIZED

.vtable_ram 
*          0    20002d97    00000000     UNINITIALIZED

vtable_ram 
*          0    20002d97    00000000     UNINITIALIZED

.sysmem    0    20002d97    00000000     UNINITIALIZED

.nonretenvar 
*          0    20002d97    00000000     UNINITIALIZED

.stack     0    20004000    00000400     UNINITIALIZED
                  20004000    00000400     --HOLE--

.text.1    0    0000003c    00000fc4     
                  0000003c    00000678     periodicCommunication.obj (.text:periodicCommunication_hf_communication)
                  000006b4    000005c0     rtsv7M3_T_le_eabi.lib : k_rem_pio2.c.obj (.text:__kernel_rem_pio2)
                  00000c74    00000330     cc2640_ctrlll_pxxx.a : ll_slave_end_causes.o (.text)
                  00000fa4    00000008     ble_r2.symbols (.tramp.llCheckForLstoDuringSL.1)
                  00000fac    00000008     ble_r2.symbols (.tramp.llEventInRange.1)
                  00000fb4    00000008     ble_r2.symbols (.tramp.llEventDelta.1)
                  00000fbc    00000008     ble_r2.symbols (.tramp.llConnTerminate.1)
                  00000fc4    0000003c     drivers_cc26x0r2.aem3 : GPIOCC26XX.oem3 (.text:GPIO_setCallback)

.text.2    0    00001330    00011c60     
                  00001330    00001158     simple_peripheral.obj (.text:SimplePeripheral_taskFxn$10)
                  00002488    000005bc     rtsv7M3_T_le_eabi.lib : s_sin.c.obj (.text:sin)
                  00002a44    00000560     peripheral.obj (.text:gapRole_taskFxn$27)
                  00002fa4    0000047c     simple_peripheral_cc2640r2lp_stack_library.lib : icall_startup.obj (.text:startup_entry)
                  00003420    00000478     cc2640_ctrlll_pxxx.a : ll.o (.text)
                  00003898    00000320                          : ll.o (.text)
                  00003bb8    00000314     drivers_cc26x0r2.aem3 : PowerCC26XX_calibrateRCOSC.oem3 (.text:PowerCC26XX_auxISR)
                  00003ecc    000002f4     cc2640_ctrlll_pxxx.a : ll_scheduler.o (.text)
                  000041c0    000002e4                          : ll_common.o (.text)
                  000044a4    000002d0     RFCC26XX_singleMode.obj (.text:RF_fsmActiveState$13)
                  00004774    0000029c     peripheral.obj (.text:GAPRole_SetParameter)
                  00004a10    00000294     cc2640_ctrlll_pxxx.a : ll_isr.o (.text)
                  00004ca4    00000278     drivers_cc26x0r2.aem3 : CryptoCC26XX.oem3 (.text:cryptoTransactionExecute)
                  00004f1c    00000240     cc2640_ctrlll_pxxx.a : ble.o (.text)
                  0000515c    00000238     cc26xx_profiles_pxxx.a : gapgattserver.o (.text)
                  00005394    0000022c     simple_peripheral_cc2640r2lp_stack_library.lib : gapbondmgr.obj (.text:GAPBondMgr_SetParameter)
                  000055c0    0000022c     drivers_cc26x0r2.aem3 : PowerCC26XX.oem3 (.text:Power_sleep)
                  000057ec    00000220     driverlib.lib : sys_ctrl.obj (.text:NOROM_SysCtrlSetRechargeBeforePowerDown)
                  00005a0c    0000021c     RFCC26XX_singleMode.obj (.text:RF_open)
                  00005c28    0000020c     ECCROMCC26XX.obj (.text:ECC_VerifyPublicKeyWeierstrass$12)
                  00005e34    0000020c     simple_peripheral_cc2640r2lp_stack_library.lib : gapbondmgr.obj (.text:GAPBondMgr_ProcessGAPMsg)
                  00006040    00000200     cc26xx_profiles_pxxx.a : gattservapp.o (.text)
                  00006240    000001e8     RFCC26XX_singleMode.obj (.text:RF_fsmSetupState$13)
                  00006428    000001e0     simple_peripheral_cc2640r2lp_stack_library.lib : gapbondmgr.obj (.text:gapBondMgrAddBond$61)
                  00006608    000001d4     brakeAndThrottle.obj (.text:brakeAndThrottle_ADC_conversion)
                  000067dc    000001c4     Controller.obj (.text:Controller_ReadAttrCB$22)
                  000069a0    000001b6     rtsv7M3_T_le_eabi.lib : fd_add_t2.asm.obj (.text)
                  00006b56    00000002     ble_user_config.obj (.text:DefaultAssertCback)
                  00006b58    000001b0     ECCROMCC26XX.obj (.text:ECCROMCC26XX_genDHKey)
                  00006d08    000001b0     drivers_cc26x0r2.aem3 : PINCC26XX.oem3 (.text:PIN_init)
                  00006eb8    000001b0     cc2640_ctrlll_pxxx.a : ll_isr.o (.text)
                  00007068    000001a8     icall.obj (.text:icall_directAPI)
                  00007210    00000190     drivers_cc26x0r2.aem3 : PowerCC26XX_calibrateRCOSC.oem3 (.text:PowerCC26XX_doCalibrate)
                  000073a0    00000190     simple_peripheral_cc2640r2lp_stack_library.lib : gapbondmgr.obj (.text:gapBondMgrAuthenticate$61)
                  00007530    0000018c     cc2640_ctrlll_pxxx.a : ll.o (.text)
                  000076bc    0000018c                          : ll_isr.o (.text)
                  00007848    00000168     rtsv7M3_T_le_eabi.lib : k_sin.c.obj (.text:__kernel_sin)
                  000079b0    00000160     TSL2561.obj (.text:TSL2561_calculateLux$33)
                  00007b10    00000160     rtsv7M3_T_le_eabi.lib : k_cos.c.obj (.text:__kernel_cos)
                  00007c70    0000015c     drivers_cc26x0r2.aem3 : UARTCC26XX.oem3 (.text:UARTCC26XX_open)
                  00007dcc    00000150     simple_peripheral_cc2640r2lp_stack_library.lib : gapbondmgr.obj (.text:GAPBondMgr_ProcessEvent)
                  00007f1c    00000150     cc2640_ctrlll_pxxx.a : ll_common.o (.text)
                  0000806c    0000014c     drivers_cc26x0r2.aem3 : I2CCC26XX.oem3 (.text:I2CCC26XX_open)
                  000081b8    00000148                           : UARTCC26XX.oem3 (.text:UARTCC26XX_hwiIntFxn)
                  00008300    00000136                           : UARTCC26XX.oem3 (.text:UARTCC26XX_read)
                  00008436    00000136     rtsv7M3_T_le_eabi.lib : fd_div_t2.asm.obj (.text)
                  0000856c    00000134     simple_peripheral_cc2640r2lp_stack_library.lib : gapbondmgr.obj (.text:gapBondMgrEraseBonding$61)
                  000086a0    00000130     ECCROMCC26XX.obj (.text:ECCROMCC26XX_genKeys)
                  000087d0    00000130     peripheral.obj (.text:GAPRole_GetParameter)
                  00008900    0000012c     drivers_cc26x0r2.aem3 : PowerCC26XX.oem3 (.text:Power_init)
                  00008a2c    00000128     UDHAL_UART.obj (.text:UDHAL_readCallback$47)
                  00008b54    00000128     cc2640_ctrlll_pxxx.a : ll_scheduler.o (.text)
                  00008c7c    00000114     drivers_cc26x0r2.aem3 : I2CCC26XX.oem3 (.text:I2CCC26XX_hwiFxn)
                  00008d90    00000114     cc26xx_gap_pxxx.a : gap_linkmgr.o (.text)
                  00008ea4    00000110     drivers_cc26x0r2.aem3 : GPIOCC26XX.oem3 (.text:GPIO_setConfig)
                  00008fb4    00000110                           : PINCC26XX.oem3 (.text:PINCC26XX_setIoCfg)
                  000090c4    00000110     cc26xx_gatt_pxxx.a : gatt_server.o (.text)
                  000091d4    00000104     simple_peripheral_cc2640r2lp_stack_library.lib : osal_snv_wrapper.obj (.text:compactPage$58)
                  000092d8    00000104     motorControl.obj (.text:motorcontrol_singleButtonCB$7)
                  000093dc    000000fc     rtsv7M3_T_le_eabi.lib : fd_mul_t2.asm.obj (.text)
                  000094d8    000000f8     Dashboard.obj (.text:Dashboard_ReadAttrCB$23)
                  000095d0    000000f8     simple_peripheral_cc2640r2lp_stack_library.lib : osal_snv_wrapper.obj (.text:osal_snv_write)
                  000096c8    000000f4     rtsv7M3_T_le_eabi.lib : s_floor.c.obj (.text:floor)
                  000097bc    000000f0     cc2640_ctrlll_pxxx.a : ll.o (.text)
                  000098ac    000000ec     simple_peripheral_cc2640r2lp_stack_library.lib : gapbondmgr.obj (.text:GAPBondMgr_LinkEst)
                  00009998    000000ec     RFCC26XX_singleMode.obj (.text:RF_radioOpDoneCb$13)
                  00009a84    000000ec     cc26xx_profiles_pxxx.a : gattservapp.o (.text)
                  00009b70    000000e8     dpl_cc26x0r2.aem3 : PowerCC26XX_tirtos.oem3 (.text:PowerCC26XX_standbyPolicy)
                  00009c58    000000e8     simple_peripheral_cc2640r2lp_stack_library.lib : osal_timers.obj (.text:osalTimerUpdate)
                  00009d40    000000e4     cc2640_ctrlll_pxxx.a : ll_isr.o (.text)
                  00009e24    000000e4     cc26xx_sm_pxxx.a : sm_pairing.o (.text)
                  00009f08    000000e2     drivers_cc26x0r2.aem3 : UARTCC26XX.oem3 (.text:UARTCC26XX_write)
                  00009fea    00000002     icall.obj (.text:ICall_abort)
                  00009fec    000000d8     drivers_cc26x0r2.aem3 : ADCCC26XX.oem3 (.text:ADCCC26XX_convert)
                  0000a0c4    000000d8     Battery.obj (.text:Battery_ReadAttrCB$21)
                  0000a19c    000000d8     generalPurposeTimer.obj (.text:GPtimer_taskFxn$4)
                  0000a274    000000d6     drivers_cc26x0r2.aem3 : I2CCC26XX.oem3 (.text:I2CCC26XX_transfer)
                  0000a34a    00000002     simple_peripheral_cc2640r2lp_stack_library.lib : onboard.obj (.text:Onboard_soft_reset)
                  0000a34c    000000d4     RFCC26XX_singleMode.obj (.text:RF_pendCmd)
                  0000a420    000000d4     main.obj (.text:main)
                  0000a4f4    000000d0     rtsv7M3_T_le_eabi.lib : s_scalbn.c.obj (.text:scalbn)
                  0000a5c4    000000cc     RFCC26XX_singleMode.obj (.text:RF_postCmd)
                  0000a690    000000cc     RFCC26XX_singleMode.obj (.text:RF_swiHw$13)
                  0000a75c    000000c8     RFCC26XX_singleMode.obj (.text:RF_fsmPowerUpState$13)
                  0000a824    000000c4     cc26xx_sm_pxxx.a : sm_pairing.o (.text)
                  0000a8e8    000000c4                      : sm_pairing.o (.text)
                  0000a9ac    000000c0     driverlib.lib : setup.obj (.text:TrimAfterColdResetWakeupFromShutDown$50)
                  0000aa6c    000000c0     simple_peripheral_cc2640r2lp_stack_library.lib : osal.obj (.text:osal_set_event)
                  0000ab2c    000000be                                                    : gapbondmgr.obj (.text:gapBondMgrUpdateCharCfg$61)
                  0000abea    00000002     RFCC26XX_singleMode.obj (.text:RF_defaultCallback$13)
                  0000abec    000000bc     drivers_cc26x0r2.aem3 : PowerCC26XX.oem3 (.text:Power_releaseDependency)
                  0000aca8    000000bc     cc2640_ctrlll_pxxx.a : ll_scheduler.o (.text)
                  0000ad64    000000b8     driverlib.lib : aux_adc.obj (.text:NOROM_AUXADCEnableSync)
                  0000ae1c    000000b8     RFCC26XX_singleMode.obj (.text:RF_control)
                  0000aed4    000000b8     TRNGCC26XX.obj (.text:TRNGCC26XX_getNumber)
                  0000af8c    000000b4     driverlib.lib : setup.obj (.text:NOROM_SetupTrimDevice)
                  0000b040    000000b4     drivers_cc26x0r2.aem3 : PowerCC26XX.oem3 (.text:Power_setDependency)
                  0000b0f4    000000b0     simple_peripheral_cc2640r2lp_stack_library.lib : gapbondmgr.obj (.text:GAPBondMgr_ResolveAddr)
                  0000b1a4    000000b0     cc26xx_gap_pxxx.a : gap_peridevmgr.o (.text)
                  0000b254    000000b0     rtsv7M3_T_le_eabi.lib : s_round.c.obj (.text:round)
                  0000b304    000000ac     RFCC26XX_singleMode.obj (.text:RF_abortCmd$13)
                  0000b3b0    000000ac     devinfoservice.obj (.text:devInfo_ReadAttrCB$24)
                  0000b45c    000000a8     drivers_cc26x0r2.aem3 : GPIOCC26XX.oem3 (.text:GPIO_init)
                  0000b504    000000a8     RFCC26XX_singleMode.obj (.text:RF_ratFreeChannel$13)
                  0000b5ac    000000a4     cc2640_ctrlll_pxxx.a : ll_common.o (.text)
                  0000b650    000000a4     simple_peripheral_cc2640r2lp_stack_library.lib : osal.obj (.text:osal_msg_enqueue_push$54)
                  0000b6f4    000000a4     drivers_cc26x0r2.aem3 : PowerCC26XX.oem3 (.text:switchXOSCHFclockFunc)
                  0000b798    000000a0                           : PINCC26XX.oem3 (.text:PIN_open)
                  0000b838    000000a0     RFCC26XX_singleMode.obj (.text:RF_ratRestartChannels$13)
                  0000b8d8    000000a0     auto_init.aem3 : auto_init.oem3 (.text)
                  0000b978    000000a0     simple_peripheral_cc2640r2lp_stack_library.lib : osal_timers.obj (.text:osal_timer_refTimeUpdate)
                  0000ba18    0000009c     RFCC26XX_singleMode.obj (.text:RF_calculateDispatchTime$13)
                  0000bab4    0000009c     simple_peripheral_cc2640r2lp_stack_library.lib : osal_cbtimer.obj (.text:cbTimerSetup$69)
                  0000bb50    0000009c                                                    : osal_cbtimer.obj (.text:osal_CbTimerProcessEvent)
                  0000bbec    0000009c     rtsv7M3_T_le_eabi.lib : memcpy_t2.asm.obj (.text)
                  0000bc88    00000098     icall.obj (.text:ICall_setTimer)
                  0000bd20    00000098     drivers_cc26x0r2.aem3 : UARTCC26XX.oem3 (.text:UARTCC26XX_initHw)
                  0000bdb8    00000098                           : UARTCC26XX.oem3 (.text:UARTCC26XX_initIO)
                  0000be50    00000098     cc2640_ctrlhci_pxxx.a : hci_event.o (.text)
                  0000bee8    00000098     cc2640_ctrlll_pxxx.a : ll_common.o (.text)
                  0000bf80    00000098     rom_sysbios.aem3 : rom_sysbios.obj (.text:ti_sysbios_knl_Clock_workFuncDynamic__E)
                  0000c018    00000096     rtsv7M3_T_le_eabi.lib : ull_div_t2.asm.obj (.text)
                  0000c0ae    00000002     simple_peripheral_cc2640r2lp_stack_library.lib : sm_ecc.obj (.text:SM_dhKeyCB)
                  0000c0b0    00000094     drivers_cc26x0r2.aem3 : CryptoCC26XX.oem3 (.text:CryptoCC26XX_allocateKey)
                  0000c144    00000094     driverlib.lib : crypto.obj (.text:NOROM_CRYPTOAesLoadKey)
                  0000c1d8    00000092     rtsv7M3_T_le_eabi.lib : fs_div_t2.asm.obj (.text)
                  0000c26a    00000002     simple_peripheral_cc2640r2lp_stack_library.lib : sm_ecc.obj (.text:SM_p256KeyCB)
                  0000c26c    00000090     board.obj (.text:CC2640R2_LAUNCHXL_shutDownExtFlash)
                  0000c2fc    00000090     drivers_cc26x0r2.aem3 : CryptoCC26XX.oem3 (.text:CryptoCC26XX_open)
                  0000c38c    00000090     gattservapp_util.obj (.text:GATTServApp_ProcessCharCfg)
                  0000c41c    00000090     drivers_cc26x0r2.aem3 : I2CCC26XX.oem3 (.text:I2CCC26XX_cancel)
                  0000c4ac    00000090     simple_peripheral_cc2640r2lp_stack_library.lib : osal.obj (.text:osal_msg_receive)
                  0000c53c    00000090     rom_sysbios.aem3 : rom_sysbios.obj (.text:ti_sysbios_family_arm_cc26xx_Timer_start__E)
                  0000c5cc    0000008e     drivers_cc26x0r2.aem3 : UARTCC26XX.oem3 (.text:UARTCC26XX_writeCancel)
                  0000c65a    00000002     STM32MCP.obj (.text:STM32MCP_executeCommandFrame)
                  0000c65c    0000008c     Dashboard.obj (.text:Dashboard_WriteAttrCB$23)
                  0000c6e8    0000008c     drivers_cc26x0r2.aem3 : I2CCC26XX.oem3 (.text:I2CCC26XX_primeTransfer)
                  0000c774    0000008c     icall.obj (.text:ICall_heapMalloc)
                  0000c800    0000008c     cc2640_ctrlll_pxxx.a : ll_enc.o (.text)
                  0000c88c    0000008c     gattservapp_util.obj (.text:gattServApp_SendNotiInd$26)
                  0000c918    00000088     drivers_cc26x0r2.aem3 : ADCCC26XX.oem3 (.text:ADCCC26XX_open)
                  0000c9a0    00000088     driverlib.lib : aux_adc.obj (.text:NOROM_AUXADCDisable)
                  0000ca28    00000088     RFCC26XX_singleMode.obj (.text:RF_dispatchNextCmd$13)
                  0000cab0    00000088     RFCC26XX_singleMode.obj (.text:RF_hwiCpe0Active$13)
                  0000cb38    00000088     dataAnalysis.obj (.text:computeCO2Saved)
                  0000cbc0    00000088     peripheral.obj (.text:gapRole_startConnUpdate$27)
                  0000cc48    00000086     rtsv7M3_T_le_eabi.lib : fd_cmp_t2.asm.obj (.text:__aeabi_cdcmple)
                  0000ccce    00000086                           : fd_cmp_t2.asm.obj (.text:__aeabi_cdrcmple)
                  0000cd54    00000084     driverlib.lib : crypto.obj (.text:NOROM_CRYPTOCcmInvAuthDecryptResultGet)
                  0000cdd8    00000084     drivers_cc26x0r2.aem3 : UARTCC26XX.oem3 (.text:UARTCC26XX_close)
                  0000ce5c    00000084     cc26xx_profiles_pxxx.a : gapgattserver.o (.text)
                  0000cee0    00000080     simple_peripheral_cc2640r2lp_stack_library.lib : gapbondmgr.obj (.text:GAPBondMgr_syncResolvingList)
                  0000cf60    00000080     drivers_cc26x0r2.aem3 : UARTCC26XX.oem3 (.text:writeTxFifoFlush)
                  0000cfe0    0000007c     UDHAL_GPIO.obj (.text:UDHAL_GPIO_InterruptFxn$37)
                  0000d05c    0000007c     cc2640_ctrlhci_pxxx.a : hci_event.o (.text)
                  0000d0d8    0000007c     cc2640_ctrlll_pxxx.a : ll_scheduler.o (.text)
                  0000d154    0000007c     cc26xx_gap_pxxx.a : gap_linkmgr.o (.text)
                  0000d1d0    0000007c     simple_peripheral_cc2640r2lp_stack_library.lib : osal.obj (.text:osal_event_send$54)
                  0000d24c    0000007a     rtsv7M3_T_le_eabi.lib : fs_mul_t2.asm.obj (.text)
                  0000d2c6    0000007a                           : memset_t2.asm.obj (.text)
                  0000d340    00000078     cc2640_ctrlll_pxxx.a : ll_common.o (.text)
                  0000d3b8    00000078     cc26xx_profiles_pxxx.a : gattservapp.o (.text)
                  0000d430    00000078     rom_sysbios.aem3 : rom_sysbios.obj (.text:ti_sysbios_heaps_HeapMem_allocUnprotected__E)
                  0000d4a8    00000078     simple_peripheral_cc2640r2lp_stack_library.lib : osal_snv_wrapper.obj (.text:writeWord$58)
                  0000d520    00000074     icall.obj (.text:ICall_heapInit)
                  0000d594    00000074     cc26xx_sm_pxxx.a : sm_pairing.o (.text)
                  0000d608    00000074     simple_peripheral_cc2640r2lp_stack_library.lib : gapbondmgr.obj (.text:gapBondMgrBondReq$61)
                  0000d67c    00000072     cc2640_ctrlll_pxxx.a : ll_common.o (.text)
                  0000d6ee    00000002     UDHAL_TIM2.obj (.text:UDHAL_TIM2_OVClockFxn$41)
                  0000d6f0    00000070     icall.obj (.text:ICall_heapGetStats)
                  0000d760    00000070     driverlib.lib : sys_ctrl.obj (.text:NOROM_SysCtrlAdjustRechargeAfterPowerDown)
                  0000d7d0    00000070     simple_peripheral_cc2640r2lp_stack_library.lib : ble_dispatch_lite.obj (.text:ble_dispatch_liteProcess)
                  0000d840    00000070     cc2640_ctrlll_pxxx.a : ll_common.o (.text)
                  0000d8b0    00000070     cc26xx_hci_tl_none.a : hci_tl.o (.text)
                  0000d920    00000070     drivers_cc26x0r2.aem3 : PowerCC26XX.oem3 (.text:lfClockReadyCallback)
                  0000d990    0000006c     icall.obj (.text:ICall_send)
                  0000d9fc    0000006c     icall.obj (.text:ICall_sendServiceComplete)
                  0000da68    0000006c     driverlib.lib : osc.obj (.text:NOROM_OSCHF_AttemptToSwitchToXosc)
                  0000dad4    0000006c     drivers_cc26x0r2.aem3 : PowerCC26XX_calibrateRCOSC.oem3 (.text:PowerCC26XX_initiateCalibration)
                  0000db40    0000006c     cc2640_ctrlll_pxxx.a : ll_common.o (.text)
                  0000dbac    0000006c                          : ll_scheduler.o (.text)
                  0000dc18    0000006c     drivers_cc26x0r2.aem3 : PowerCC26XX.oem3 (.text:configureXOSCHF)
                  0000dc84    00000068                           : CryptoCC26XX.oem3 (.text:CryptoCC26XX_loadKey)
                  0000dcec    00000068                           : I2CCC26XX.oem3 (.text:I2CCC26XX_swiFxn)
                  0000dd54    00000068     driverlib.lib : sys_ctrl.obj (.text:NOROM_SysCtrl_DCDC_VoltageConditionalControl)
                  0000ddbc    00000068     drivers_cc26x0r2.aem3 : PINCC26XX.oem3 (.text:PIN_add)
                  0000de24    00000068     RFCC26XX_singleMode.obj (.text:RF_getInfo)
                  0000de8c    00000068     RFCC26XX_singleMode.obj (.text:RF_hwiHw$13)
                  0000def4    00000068     rtsv7M3_T_le_eabi.lib : copy_decompress_lzss.c.obj (.text:decompress:lzss:__TI_decompress_lzss)
                  0000df5c    00000068     simple_peripheral_cc2640r2lp_stack_library.lib : osal_cbtimer.obj (.text:osal_CbTimerUpdate)
                  0000dfc4    00000064     RFCC26XX_singleMode.obj (.text:RF_getCurrentTime)
                  0000e028    00000064     RFCC26XX_singleMode.obj (.text:RF_hwiCpe0PowerFsm$13)
                  0000e08c    00000064     cc26xx_profiles_pxxx.a : gattservapp.o (.text)
                  0000e0f0    00000064     singleButton.obj (.text:singleButton_processTimerOv)
                  0000e154    00000060     gattservapp_util.obj (.text:GATTServApp_ProcessCCCWriteReq)
                  0000e1b4    00000060     icall.obj (.text:ICall_createRemoteTasksAtRuntime)
                  0000e214    00000060     icall.obj (.text:ICall_enrollService)
                  0000e274    00000060     drivers_cc26x0r2.aem3 : PowerCC26XX.oem3 (.text:PowerCC26XX_calibrate)
                  0000e2d4    00000060     RFCC26XX_singleMode.obj (.text:RF_dispatchNextEvent$13)
                  0000e334    0000005e     drivers_cc26x0r2.aem3 : UARTCC26XX.oem3 (.text:UARTCC26XX_swiIntFxn)
                  0000e392    00000002     UDHAL_UART.obj (.text:UDHAL_writeCallback$47)
                  0000e394    0000005c     drivers_cc26x0r2.aem3 : CryptoResourceCC26XX.oem3 (.text:CryptoResourceCC26XX_constructRTOSObjects)
                  0000e3f0    0000005c                           : I2CCC26XX.oem3 (.text:I2CCC26XX_close)
                  0000e44c    0000005c     icall.obj (.text:ICall_pwrUpdActivityCounter)
                  0000e4a8    0000005c     drivers_cc26x0r2.aem3 : PowerCC26XX_calibrateRCOSC.oem3 (.text:PowerCC26XX_RCOSC_clockFunc)
                  0000e504    0000005c     RFCC26XX_singleMode.obj (.text:RF_cmdDispatchTime$13)
                  0000e560    0000005c     simple_peripheral.obj (.text:SimplePeripheral_enqueueMsg$10)
                  0000e5bc    0000005c     simple_peripheral.obj (.text:SimplePeripheral_processStateChangeEvt$10)
                  0000e618    0000005c     cc26xx_profiles_pxxx.a : gattservapp.o (.text)
                  0000e674    0000005c     app_ble_pem3.oem3 (.text:xdc_runtime_Startup_getState__I)
                  0000e6d0    0000005a     main.obj (.text:AssertHandler)
                  0000e72a    0000005a     RFCC26XX_singleMode.obj (.text:RF_syncCb$13)
                  0000e784    00000058     icall.obj (.text:ICall_fetchMsg)
                  0000e7dc    00000058     icall.obj (.text:ICall_wait)
                  0000e834    00000058     drivers_cc26x0r2.aem3 : PINCC26XX.oem3 (.text:PIN_remove)
                  0000e88c    00000058     RFCC26XX_singleMode.obj (.text:RF_fsmXOSCState$13)
                  0000e8e4    00000058     drivers_cc26x0r2.aem3 : UARTCC26XX.oem3 (.text:UARTCC26XX_control)
                  0000e93c    00000058     cc26xx_gap_pxxx.a : gap_linkmgr.o (.text)
                  0000e994    00000058     simple_peripheral_cc2640r2lp_stack_library.lib : osal_snv_wrapper.obj (.text:findItem$58)
                  0000e9ec    00000058                                                    : gapbondmgr.obj (.text:gapBondMgrReadBonds$61)
                  0000ea44    00000058     dataAnalysis.obj (.text:get_UDArrayData)
                  0000ea9c    00000058     simple_peripheral_cc2640r2lp_stack_library.lib : osal_cbtimer.obj (.text:osal_CbTimerStop)
                  0000eaf4    00000058     rom_sysbios.aem3 : rom_sysbios.obj (.text:ti_sysbios_heaps_HeapMem_alloc__E)
                  0000eb4c    00000054     drivers_cc26x0r2.aem3 : GPIOCC26XX.oem3 (.text:GPIO_write)
                  0000eba0    00000054     RFCC26XX_singleMode.obj (.text:RF_discardPendCmd$13)
                  0000ebf4    00000054     TSL2561.obj (.text:TSL2561_readChannel)
                  0000ec48    00000054     cc26xx_gap_pxxx.a : linkdb.o (.text)
                  0000ec9c    00000054     cc26xx_profiles_pxxx.a : gattservapp.o (.text)
                  0000ecf0    00000054     dataAnalysis.obj (.text:computeBatteryPercentage)
                  0000ed44    00000054     dataAnalysis.obj (.text:computeRange)
                  0000ed98    00000050     dpl_cc26x0r2.aem3 : ClockP_tirtos.oem3 (.text:ClockP_construct)
                  0000ede8    00000050     ECCROMCC26XX.obj (.text:ECCROMCC26XX_Params_init)
                  0000ee38    00000050     ECCROMCC26XX.obj (.text:ECC_initGlobals$12)
                  0000ee88    00000050     simple_peripheral_cc2640r2lp_stack_library.lib : gapbondmgr.obj (.text:GAPBondMgr_LinkTerm)
                  0000eed8    00000050     icall.obj (.text:ICall_registerApp)
                  0000ef28    00000050     cc2640_ctrlll_pxxx.a : ll.o (.text)
                  0000ef78    00000050     dataAnalysis.obj (.text:computeEconomy)
                  0000efc8    00000050     drivers_cc26x0r2.aem3 : UARTCC26XX.oem3 (.text:startTxFifoEmptyClk)
                  0000f018    0000004c     icall.obj (.text:ICall_newTask$15)
                  0000f064    0000004c     RFCC26XX_singleMode.obj (.text:RF_executeDirectImmediateCmd$13)
                  0000f0b0    0000004c     RFCC26XX_singleMode.obj (.text:RF_wakeupNotification$13)
                  0000f0fc    0000004c     rtsv7M3_T_le_eabi.lib : cpy_tbl.c.obj (.text:copy_in)
                  0000f148    0000004c     simple_peripheral_cc2640r2lp_stack_library.lib : gapbondmgr.obj (.text:gapBondMgrUpdateLruBondList$61)
                  0000f194    0000004c                                                    : osal_bufmgr.obj (.text:osal_bm_free)
                  0000f1e0    0000004a     drivers_cc26x0r2.aem3 : UARTCC26XX.oem3 (.text:UARTCC26XX_readCancel)
                  0000f22a    00000002     rtsv7M3_T_le_eabi.lib : _lock.c.obj (.text:_nop)
                  0000f22c    00000048     board.obj (.text:CC2640R2_LAUNCHXL_wakeUpExtFlash)
                  0000f274    00000048     drivers_cc26x0r2.aem3 : GPIOCC26XX.oem3 (.text:GPIO_enableInt)
                  0000f2bc    00000048                           : PINCC26XX.oem3 (.text:PIN_setOutputEnable)
                  0000f304    00000048     dataAnalysis.obj (.text:determineBatteryStatus)
                  0000f34c    00000048     simple_peripheral_cc2640r2lp_stack_library.lib : osal_snv_wrapper.obj (.text:erasePage$58)
                  0000f394    00000048     motorControl.obj (.text:motorcontrol_setGatt)
                  0000f3dc    00000048     simple_peripheral_cc2640r2lp_stack_library.lib : osal_timers.obj (.text:osalAddTimer)
                  0000f424    00000048     rtsv7M3_T_le_eabi.lib : fd_toi_t2.asm.obj (.text)
                  0000f46c    00000048     rom_sysbios.aem3 : rom_sysbios.obj (.text:ti_sysbios_family_arm_cc26xx_Timer_setThreshold__I)
                  0000f4b4    00000048     drivers_cc26x0r2.aem3 : UARTCC26XX.oem3 (.text:writeFinishedDoCallback)
                  0000f4fc    00000044     simple_peripheral_cc2640r2lp_stack_library.lib : gapbondmgr.obj (.text:GAPBondMgr_Pair)
                  0000f540    00000044     peripheral.obj (.text:GAPRole_createTask)
                  0000f584    00000044     gattservapp_util.obj (.text:GATTServApp_InitCharCfg)
                  0000f5c8    00000044     drivers_cc26x0r2.aem3 : I2CCC26XX.oem3 (.text:I2CCC26XX_initHw)
[...]
20002d40  PowerCC26XX_swiKey                                                        
20002d4c  llConnEvtNotice                                                           
20002d54  featureSetMask                                                            
20002d68  rtosApiTblPtr                                                             
20002d6c  LSTORecoveryArr                                                           
20002d70  llCombineState                                                            
20002d74  llCurrentMappedChan                                                       
20002d78  connEvtCB                                                                 
20002d80  ClockP_tickPeriod                                                         
20002d84  tasksEvents                                                               
20002d88  trngCC26XXObjects                                                         
20002d8f  hciTaskID                                                                 
20002d90  hciTestTaskID                                                             
20002d91  hciGapTaskID                                                              
20002d92  hciL2capTaskID                                                            
20002d93  hciSmpTaskID                                                              
20002d95  driverlib_release_0_60062                                                 
20002d96  icall_liteTaskId                                                          
20002d97  heapStart                                                                 
20004000  __stack                                                                   
20004000  heapEnd                                                                   
20004400  __STACK_END                                                               
20004400  __STACK_TOP                                                               
200044f8  RAM_BASE_ADDR                                                             
20004504  ROM_FlashJT                                                               
20004558  gapPeripheralCBs                                                          
20004564  gapPeripheralConnCBs                                                      
20004568  rfMode                                                                    
20004584  smResponderCBs                                                            
2000459c  slaveConnHandle                                                           
2000459e  nextHandle                                                                
200045a0  l2capMtuSize                                                              
200045a2  gapAppTaskID                                                              
200045a3  gapAdvAppTaskID                                                           
200045a4  gapUnwantedTaskID                                                         
200045a5  reqTaskId                                                                 
200045a6  gattAppTaskID                                                             
200045a7  appTaskID                                                                 
200045a8  flowCtrlTaskId                                                            
200045a9  SM_appTaskID                                                              
200045ac  resolvingList                                                             
200046ec  scanDataEntry                                                             
200047cc  wlTable                                                                   
200048a8  wlTableScan                                                               
20004a20  advCmd                                                                    
20004a68  localEccKeys                                                              
20004aac  initDataEntry                                                             
20004ae4  advDataEntry                                                              
20004b1c  l2capFixedChannels                                                        
20004b4c  linkCBs                                                                   
20004b7c  eccParams                                                                 
20004bac  initParam                                                                 
20004bd0  scanParam                                                                 
20004bf4  advParam                                                                  
20004c14  cryptoPRAND                                                               
20004c34  txModemTestCmd                                                            
20004c50  gapParams                                                                 
20004c6c  initCmd                                                                   
20004c84  connReqData                                                               
20004c9c  scanCmd                                                                   
20004cb4  scanOutput                                                                
20004ccc  trxTestCmd                                                                
20004ce4  rxModemTestCmd                                                            
20004cfc  rsp                                                                       
20004d14  fwParDtmCmd                                                               
20004d2c  rfSetup                                                                   
20004d44  fwParRfCmd                                                                
20004d5c  connOutput                                                                
20004d70  rxTestParam                                                               
20004d84  initDataQueue                                                             
20004d94  scanDataQueue                                                             
20004da4  advDataQueue                                                              
20004db4  advOutput                                                                 
20004dc4  txTestParam                                                               
20004dd4  initOutput                                                                
20004de0  rxTestOut                                                                 
20004dec  deviceFeatureSet                                                          
20004df8  cachedTRNGdata                                                            
20004e04  gapCurrentRandomAddr                                                      
20004e0c  slaveUpdateReq                                                            
20004e14  pBleEvtMask                                                               
20004e1c  pHciEvtMask                                                               
20004e24  pHciEvtMask2                                                              
20004e2c  ownPublicAddr                                                             
20004e34  ownRandomAddr                                                             
20004e3c  ownSavedPublicAddr                                                        
20004e44  fwImmedCmd                                                                
20004e4c  attServerNotifyTxCB                                                       
20004e50  rfEvent                                                                   
20004e58  fwParCmd                                                                  
20004e60  verInfo                                                                   
20004e68  llConns                                                                   
20004e70  fwParamImmedCmd                                                           
20004e78  privInfo                                                                  
20004e80  linkCmd                                                                   
20004e84  linkParam                                                                 
20004e88  rxDataQ                                                                   
20004e8c  txDataQ                                                                   
20004e90  rxRingBuf                                                                 
20004e94  txTestOut                                                                 
20004e98  pGapDiscReq                                                               
20004e9c  pGapAdvertState                                                           
20004ea0  pEstLink                                                                  
20004ea4  pAuthLink                                                                 
20004ea8  pfnCentralConnCBs                                                         
20004eac  pfnPeripheralConnCBs                                                      
20004eb0  pGapAdvTokens                                                             
20004eb4  pGapAdData                                                                
20004eb8  pGapScanRspData                                                           
20004ebc  pfnPeripheralCBs                                                          
20004ec0  pfnCentralCBs                                                             
20004ec4  pfnBondMgrCBs                                                             
20004ec8  serverInfoTbl                                                             
20004ecc  pServiceList                                                              
20004ed0  pfnServerProcessMsgCB                                                     
20004ed4  pfnClientProcessMsgCB                                                     
20004ed8  prepareWritesTbl                                                          
20004edc  serviceCBsList                                                            
20004ee0  pAttrValue                                                                
20004ee4  l2capChannels                                                             
20004ee8  linkDB                                                                    
20004eec  rfHandle                                                                  
20004ef0  rfDrvTblPtr                                                               
20004ef4  eccDrvTblPtr                                                              
20004ef8  cryptoDrvTblPtr                                                           
20004efc  trngDrvTblPtr                                                             
20004f00  activeConns                                                               
20004f04  SysBootMsg                                                                
20004f08  sclkSrc                                                                   
20004f0c  buildInfo                                                                 
20004f10  advInfo                                                                   
20004f14  scanInfo                                                                  
20004f18  initInfo                                                                  
20004f1c  dtmInfo                                                                   
20004f20  taskEndAction                                                             
20004f24  encParams                                                                 
20004f28  encHandle                                                                 
20004f2c  encKey                                                                    
20004f30  pPairingParams                                                            
20004f34  pfnResponderCBs                                                           
20004f38  pfnInitiatorCBs                                                           
20004f3c  gapLimitedAdvertisingTimeout                                              
20004f3e  attrLen                                                                   
20004f40  numHostBufs                                                               
20004f42  rfCmdHandle                                                               
20004f44  connInitialMaxTxOctets                                                    
20004f46  connInitialMaxTxTime                                                      
20004f48  supportedMaxTxOctets                                                      
20004f4a  supportedMaxTxTime                                                        
20004f4c  supportedMaxRxOctets                                                      
20004f4e  supportedMaxRxTime                                                        
20004f50  taskEndStatus                                                             
20004f52  postRfOperations                                                          
20004f54  rfCfgAdiVal                                                               
20004f58  gapProfileRole                                                            
20004f59  gapDeviceAddrMode                                                         
20004f5a  gapState                                                                  
20004f5b  terminateAllTaskID                                                        
20004f5c  terminateReason                                                           
20004f5d  gapTaskID                                                                 
20004f5e  gattNumConns                                                              
20004f5f  gattTaskID                                                                
20004f60  GATTServApp_TaskID                                                        
20004f61  maxNumPrepareWrites                                                       
20004f62  hciPTMenabled                                                             
20004f63  ctrlToHostEnable                                                          
20004f64  l2capFlowCtrlMode                                                         
20004f65  l2capTaskID                                                               
20004f66  l2capNumChannels                                                          
20004f67  l2capNumDataPkts                                                          
20004f68  l2capId                                                                   
20004f69  linkDBNumConns                                                            
20004f6a  linkDB_secureConnectionOnlyMode                                           
20004f6b  maxPduSize                                                                
20004f6c  rfFeModeBias                                                              
20004f6d  maxNumTxDataBufs                                                          
20004f6e  LL_TaskID                                                                 
20004f6f  llState                                                                   
20004f70  rssiCorrection                                                            
20004f71  curTxPowerVal                                                             
20004f72  maxTxPwrForDTM                                                            
20004f73  onePktPerEvt                                                              
20004f74  numComplPkts                                                              
20004f75  numComplPktsLimit                                                         
20004f76  numComplPktsFlush                                                         
20004f77  fastTxRespTime                                                            
20004f78  slOverride                                                                
20004f79  rxFifoFlowCtrl                                                            
20004f7a  numTxDataBufs                                                             
20004f7b  maxNumConns                                                               
20004f7c  smTaskID                                                                  
20004f7d  SM_appExpectingKey                                                        
20004f80  ECC_DATA$$Base                                                            
20004f80  eccRom_param_Gx                                                           
20004f84  eccRom_param_Gy                                                           
20004f88  eccRom_workzone                                                           
20004f8c  eccRom_param_p                                                            
20004f90  eccRom_param_r                                                            
20004f94  eccRom_param_a                                                            
20004f98  eccRom_param_b                                                            
20004f9c  eccRom_windowSize                                                         
20004fa0  aux64                                                                     
20004fa8  MOD                                                                       
20004fac  LEN                                                                       
20004fb0  inScalar                                                                  
20004fb4  inPointX                                                                  
20004fb8  inPointY                                                                  
20004fbc  outPointX                                                                 
20004fc0  outPointY                                                                 
20004fc4  SCAL                                                                      
20004fc8  EXPX                                                                      
20004fcc  EXPY                                                                      
20004fd0  EXPZ                                                                      
20004fd4  EXPW                                                                      
20004fd8  ACCX                                                                      
20004fdc  ACCY                                                                      
20004fe0  ACCZ                                                                      
20004fe4  TMP1                                                                      
20004fe8  TMP2                                                                      
20004fec  TMP3                                                                      
20004ff0  TMP4                                                                      
20004ff4  TMP5                                                                      
20004ff8  TMP6                                                                      
20004ffc  MSBMOD                                                                    
20005000  ECC_DATA$$Limit                                                           
20005000  __UNUSED_SRAM_end__                                                       
e000e000  ti_sysbios_family_arm_m3_Hwi_nvic                                         
ffffffff  __TI_pprof_out_hndl                                                       
ffffffff  __TI_prof_data_size                                                       
ffffffff  __TI_prof_data_start                                                      
ffffffff  __binit__                                                                 
ffffffff  __c_args__                                                                
ffffffff  binit                                                                     
UNDEFED   SHT$$INIT_ARRAY$$Base                                                     
UNDEFED   SHT$$INIT_ARRAY$$Limit                                                    

[2452 symbols]
